[0.053s] DEBUG:colcon:Command line arguments: ['/usr/bin/colcon', 'build', '--packages-select', 'planner']
[0.053s] DEBUG:colcon:Parsed command line arguments: Namespace(log_base=None, log_level=None, verb_name='build', build_base='build', install_base='install', merge_install=False, symlink_install=False, test_result_base=None, continue_on_error=False, executor='parallel', parallel_workers=20, event_handlers=None, ignore_user_meta=False, metas=['./colcon.meta'], base_paths=['.'], packages_ignore=None, packages_ignore_regex=None, paths=None, packages_up_to=None, packages_up_to_regex=None, packages_above=None, packages_above_and_dependencies=None, packages_above_depth=None, packages_select_by_dep=None, packages_skip_by_dep=None, packages_skip_up_to=None, packages_select_build_failed=False, packages_skip_build_finished=False, packages_select_test_failures=False, packages_skip_test_passed=False, packages_select=['planner'], packages_skip=None, packages_select_regex=None, packages_skip_regex=None, packages_start=None, packages_end=None, allow_overriding=[], cmake_args=None, cmake_target=None, cmake_target_skip_unavailable=False, cmake_clean_cache=False, cmake_clean_first=False, cmake_force_configure=False, ament_cmake_args=None, catkin_cmake_args=None, catkin_skip_building_tests=False, verb_parser=<colcon_defaults.argument_parser.defaults.DefaultArgumentsDecorator object at 0x7e4a28c69120>, verb_extension=<colcon_core.verb.build.BuildVerb object at 0x7e4a28d52620>, main=<bound method BuildVerb.main of <colcon_core.verb.build.BuildVerb object at 0x7e4a28d52620>>)
[0.128s] Level 1:colcon.colcon_core.package_discovery:discover_packages(colcon_meta) check parameters
[0.128s] Level 1:colcon.colcon_core.package_discovery:discover_packages(recursive) check parameters
[0.128s] Level 1:colcon.colcon_core.package_discovery:discover_packages(ignore) check parameters
[0.128s] Level 1:colcon.colcon_core.package_discovery:discover_packages(path) check parameters
[0.128s] Level 1:colcon.colcon_core.package_discovery:discover_packages(colcon_meta) discover
[0.128s] Level 1:colcon.colcon_core.package_discovery:discover_packages(recursive) discover
[0.128s] INFO:colcon.colcon_core.package_discovery:Crawling recursively for packages in '/home/hoolbo/final_essay/Code/atv_ws/src/planner'
[0.129s] Level 1:colcon.colcon_core.package_identification:_identify(.) by extensions ['ignore', 'ignore_ament_install']
[0.129s] Level 1:colcon.colcon_core.package_identification:_identify(.) by extension 'ignore'
[0.129s] Level 1:colcon.colcon_core.package_identification:_identify(.) by extension 'ignore_ament_install'
[0.129s] Level 1:colcon.colcon_core.package_identification:_identify(.) by extensions ['colcon_pkg']
[0.129s] Level 1:colcon.colcon_core.package_identification:_identify(.) by extension 'colcon_pkg'
[0.129s] Level 1:colcon.colcon_core.package_identification:_identify(.) by extensions ['colcon_meta']
[0.129s] Level 1:colcon.colcon_core.package_identification:_identify(.) by extension 'colcon_meta'
[0.129s] Level 1:colcon.colcon_core.package_identification:_identify(.) by extensions ['ros']
[0.129s] Level 1:colcon.colcon_core.package_identification:_identify(.) by extension 'ros'
[0.136s] DEBUG:colcon.colcon_core.package_identification:Package '.' with type 'ros.ament_cmake' and name 'planner'
[0.136s] Level 1:colcon.colcon_core.package_discovery:discover_packages(recursive) using defaults
[0.136s] Level 1:colcon.colcon_core.package_discovery:discover_packages(ignore) discover
[0.136s] Level 1:colcon.colcon_core.package_discovery:discover_packages(ignore) using defaults
[0.136s] Level 1:colcon.colcon_core.package_discovery:discover_packages(path) discover
[0.136s] Level 1:colcon.colcon_core.package_discovery:discover_packages(path) using defaults
[0.146s] Level 1:colcon.colcon_core.package_discovery:discover_packages(prefix_path) check parameters
[0.146s] Level 1:colcon.colcon_core.package_discovery:discover_packages(prefix_path) discover
[0.151s] DEBUG:colcon.colcon_installed_package_information.package_discovery:Found 6 installed packages in /home/hoolbo/final_essay/Code/atv_ws/install
[0.152s] DEBUG:colcon.colcon_installed_package_information.package_discovery:Found 287 installed packages in /opt/ros/humble
[0.152s] Level 1:colcon.colcon_core.package_discovery:discover_packages(prefix_path) using defaults
[0.169s] Level 5:colcon.colcon_core.verb:set package 'planner' build argument 'cmake_args' from command line to 'None'
[0.169s] Level 5:colcon.colcon_core.verb:set package 'planner' build argument 'cmake_target' from command line to 'None'
[0.169s] Level 5:colcon.colcon_core.verb:set package 'planner' build argument 'cmake_target_skip_unavailable' from command line to 'False'
[0.169s] Level 5:colcon.colcon_core.verb:set package 'planner' build argument 'cmake_clean_cache' from command line to 'False'
[0.169s] Level 5:colcon.colcon_core.verb:set package 'planner' build argument 'cmake_clean_first' from command line to 'False'
[0.169s] Level 5:colcon.colcon_core.verb:set package 'planner' build argument 'cmake_force_configure' from command line to 'False'
[0.169s] Level 5:colcon.colcon_core.verb:set package 'planner' build argument 'ament_cmake_args' from command line to 'None'
[0.169s] Level 5:colcon.colcon_core.verb:set package 'planner' build argument 'catkin_cmake_args' from command line to 'None'
[0.169s] Level 5:colcon.colcon_core.verb:set package 'planner' build argument 'catkin_skip_building_tests' from command line to 'False'
[0.169s] DEBUG:colcon.colcon_core.verb:Building package 'planner' with the following arguments: {'ament_cmake_args': None, 'build_base': '/home/hoolbo/final_essay/Code/atv_ws/src/planner/build/planner', 'catkin_cmake_args': None, 'catkin_skip_building_tests': False, 'cmake_args': None, 'cmake_clean_cache': False, 'cmake_clean_first': False, 'cmake_force_configure': False, 'cmake_target': None, 'cmake_target_skip_unavailable': False, 'install_base': '/home/hoolbo/final_essay/Code/atv_ws/src/planner/install/planner', 'merge_install': False, 'path': '/home/hoolbo/final_essay/Code/atv_ws/src/planner', 'symlink_install': False, 'test_result_base': None}
[0.169s] INFO:colcon.colcon_core.executor:Executing jobs using 'parallel' executor
[0.170s] DEBUG:colcon.colcon_parallel_executor.executor.parallel:run_until_complete
[0.170s] INFO:colcon.colcon_ros.task.ament_cmake.build:Building ROS package in '/home/hoolbo/final_essay/Code/atv_ws/src/planner' with build type 'ament_cmake'
[0.170s] INFO:colcon.colcon_cmake.task.cmake.build:Building CMake package in '/home/hoolbo/final_essay/Code/atv_ws/src/planner'
[0.171s] INFO:colcon.colcon_core.plugin_system:Skipping extension 'colcon_core.shell.bat': Not used on non-Windows systems
[0.171s] INFO:colcon.colcon_core.shell:Skip shell extension 'powershell' for command environment: Not usable outside of PowerShell
[0.171s] DEBUG:colcon.colcon_core.shell:Skip shell extension 'dsv' for command environment
[0.175s] DEBUG:colcon.colcon_core.event_handler.log_command:Invoking command in '/home/hoolbo/final_essay/Code/atv_ws/src/planner/build/planner': CMAKE_PREFIX_PATH=${CMAKE_PREFIX_PATH}:/home/hoolbo/final_essay/Code/atv_ws/install/bringup:/home/hoolbo/final_essay/Code/atv_ws/install/simple_planner:/home/hoolbo/final_essay/Code/atv_ws/install/dynamic_controller:/home/hoolbo/final_essay/Code/atv_ws/install/description:/home/hoolbo/final_essay/Code/atv_ws/install/controller:/opt/ros/humble /usr/bin/cmake /home/hoolbo/final_essay/Code/atv_ws/src/planner -DCMAKE_INSTALL_PREFIX=/home/hoolbo/final_essay/Code/atv_ws/src/planner/install/planner
[0.887s] DEBUG:colcon.colcon_core.event_handler.log_command:Invoked command in '/home/hoolbo/final_essay/Code/atv_ws/src/planner/build/planner' returned '0': CMAKE_PREFIX_PATH=${CMAKE_PREFIX_PATH}:/home/hoolbo/final_essay/Code/atv_ws/install/bringup:/home/hoolbo/final_essay/Code/atv_ws/install/simple_planner:/home/hoolbo/final_essay/Code/atv_ws/install/dynamic_controller:/home/hoolbo/final_essay/Code/atv_ws/install/description:/home/hoolbo/final_essay/Code/atv_ws/install/controller:/opt/ros/humble /usr/bin/cmake /home/hoolbo/final_essay/Code/atv_ws/src/planner -DCMAKE_INSTALL_PREFIX=/home/hoolbo/final_essay/Code/atv_ws/src/planner/install/planner
[0.889s] DEBUG:colcon.colcon_core.event_handler.log_command:Invoking command in '/home/hoolbo/final_essay/Code/atv_ws/src/planner/build/planner': CMAKE_PREFIX_PATH=${CMAKE_PREFIX_PATH}:/home/hoolbo/final_essay/Code/atv_ws/install/bringup:/home/hoolbo/final_essay/Code/atv_ws/install/simple_planner:/home/hoolbo/final_essay/Code/atv_ws/install/dynamic_controller:/home/hoolbo/final_essay/Code/atv_ws/install/description:/home/hoolbo/final_essay/Code/atv_ws/install/controller:/opt/ros/humble /usr/bin/cmake --build /home/hoolbo/final_essay/Code/atv_ws/src/planner/build/planner -- -j20 -l20
[16.523s] DEBUG:colcon.colcon_core.event_handler.log_command:Invoked command in '/home/hoolbo/final_essay/Code/atv_ws/src/planner/build/planner' returned '0': CMAKE_PREFIX_PATH=${CMAKE_PREFIX_PATH}:/home/hoolbo/final_essay/Code/atv_ws/install/bringup:/home/hoolbo/final_essay/Code/atv_ws/install/simple_planner:/home/hoolbo/final_essay/Code/atv_ws/install/dynamic_controller:/home/hoolbo/final_essay/Code/atv_ws/install/description:/home/hoolbo/final_essay/Code/atv_ws/install/controller:/opt/ros/humble /usr/bin/cmake --build /home/hoolbo/final_essay/Code/atv_ws/src/planner/build/planner -- -j20 -l20
[16.529s] DEBUG:colcon.colcon_core.event_handler.log_command:Invoking command in '/home/hoolbo/final_essay/Code/atv_ws/src/planner/build/planner': CMAKE_PREFIX_PATH=${CMAKE_PREFIX_PATH}:/home/hoolbo/final_essay/Code/atv_ws/install/bringup:/home/hoolbo/final_essay/Code/atv_ws/install/simple_planner:/home/hoolbo/final_essay/Code/atv_ws/install/dynamic_controller:/home/hoolbo/final_essay/Code/atv_ws/install/description:/home/hoolbo/final_essay/Code/atv_ws/install/controller:/opt/ros/humble /usr/bin/cmake --install /home/hoolbo/final_essay/Code/atv_ws/src/planner/build/planner
[16.542s] Level 1:colcon.colcon_core.environment:create_environment_scripts_only(planner)
[16.542s] DEBUG:colcon.colcon_core.event_handler.log_command:Invoked command in '/home/hoolbo/final_essay/Code/atv_ws/src/planner/build/planner' returned '0': CMAKE_PREFIX_PATH=${CMAKE_PREFIX_PATH}:/home/hoolbo/final_essay/Code/atv_ws/install/bringup:/home/hoolbo/final_essay/Code/atv_ws/install/simple_planner:/home/hoolbo/final_essay/Code/atv_ws/install/dynamic_controller:/home/hoolbo/final_essay/Code/atv_ws/install/description:/home/hoolbo/final_essay/Code/atv_ws/install/controller:/opt/ros/humble /usr/bin/cmake --install /home/hoolbo/final_essay/Code/atv_ws/src/planner/build/planner
[16.543s] Level 1:colcon.colcon_core.environment:checking '/home/hoolbo/final_essay/Code/atv_ws/src/planner/install/planner' for CMake module files
[16.543s] Level 1:colcon.colcon_core.environment:checking '/home/hoolbo/final_essay/Code/atv_ws/src/planner/install/planner' for CMake config files
[16.543s] Level 1:colcon.colcon_core.shell:create_environment_hook('planner', 'cmake_prefix_path')
[16.543s] INFO:colcon.colcon_core.shell:Creating environment hook '/home/hoolbo/final_essay/Code/atv_ws/src/planner/install/planner/share/planner/hook/cmake_prefix_path.ps1'
[16.544s] INFO:colcon.colcon_core.shell:Creating environment descriptor '/home/hoolbo/final_essay/Code/atv_ws/src/planner/install/planner/share/planner/hook/cmake_prefix_path.dsv'
[16.544s] INFO:colcon.colcon_core.shell:Creating environment hook '/home/hoolbo/final_essay/Code/atv_ws/src/planner/install/planner/share/planner/hook/cmake_prefix_path.sh'
[16.544s] Level 1:colcon.colcon_core.environment:checking '/home/hoolbo/final_essay/Code/atv_ws/src/planner/install/planner/lib'
[16.544s] Level 1:colcon.colcon_core.environment:checking '/home/hoolbo/final_essay/Code/atv_ws/src/planner/install/planner/bin'
[16.544s] Level 1:colcon.colcon_core.environment:checking '/home/hoolbo/final_essay/Code/atv_ws/src/planner/install/planner/lib/pkgconfig/planner.pc'
[16.544s] Level 1:colcon.colcon_core.environment:checking '/home/hoolbo/final_essay/Code/atv_ws/src/planner/install/planner/lib/python3.10/site-packages'
[16.545s] Level 1:colcon.colcon_core.environment:checking '/home/hoolbo/final_essay/Code/atv_ws/src/planner/install/planner/bin'
[16.545s] INFO:colcon.colcon_core.shell:Creating package script '/home/hoolbo/final_essay/Code/atv_ws/src/planner/install/planner/share/planner/package.ps1'
[16.545s] INFO:colcon.colcon_core.shell:Creating package descriptor '/home/hoolbo/final_essay/Code/atv_ws/src/planner/install/planner/share/planner/package.dsv'
[16.545s] INFO:colcon.colcon_core.shell:Creating package script '/home/hoolbo/final_essay/Code/atv_ws/src/planner/install/planner/share/planner/package.sh'
[16.545s] INFO:colcon.colcon_core.shell:Creating package script '/home/hoolbo/final_essay/Code/atv_ws/src/planner/install/planner/share/planner/package.bash'
[16.546s] INFO:colcon.colcon_core.shell:Creating package script '/home/hoolbo/final_essay/Code/atv_ws/src/planner/install/planner/share/planner/package.zsh'
[16.546s] Level 1:colcon.colcon_core.environment:create_file_with_runtime_dependencies(/home/hoolbo/final_essay/Code/atv_ws/src/planner/install/planner/share/colcon-core/packages/planner)
[16.546s] Level 1:colcon.colcon_core.environment:create_environment_scripts_only(planner)
[16.546s] Level 1:colcon.colcon_core.environment:checking '/home/hoolbo/final_essay/Code/atv_ws/src/planner/install/planner' for CMake module files
[16.546s] Level 1:colcon.colcon_core.environment:checking '/home/hoolbo/final_essay/Code/atv_ws/src/planner/install/planner' for CMake config files
[16.547s] Level 1:colcon.colcon_core.shell:create_environment_hook('planner', 'cmake_prefix_path')
[16.547s] INFO:colcon.colcon_core.shell:Creating environment hook '/home/hoolbo/final_essay/Code/atv_ws/src/planner/install/planner/share/planner/hook/cmake_prefix_path.ps1'
[16.547s] INFO:colcon.colcon_core.shell:Creating environment descriptor '/home/hoolbo/final_essay/Code/atv_ws/src/planner/install/planner/share/planner/hook/cmake_prefix_path.dsv'
[16.547s] INFO:colcon.colcon_core.shell:Creating environment hook '/home/hoolbo/final_essay/Code/atv_ws/src/planner/install/planner/share/planner/hook/cmake_prefix_path.sh'
[16.547s] Level 1:colcon.colcon_core.environment:checking '/home/hoolbo/final_essay/Code/atv_ws/src/planner/install/planner/lib'
[16.547s] Level 1:colcon.colcon_core.environment:checking '/home/hoolbo/final_essay/Code/atv_ws/src/planner/install/planner/bin'
[16.547s] Level 1:colcon.colcon_core.environment:checking '/home/hoolbo/final_essay/Code/atv_ws/src/planner/install/planner/lib/pkgconfig/planner.pc'
[16.547s] Level 1:colcon.colcon_core.environment:checking '/home/hoolbo/final_essay/Code/atv_ws/src/planner/install/planner/lib/python3.10/site-packages'
[16.547s] Level 1:colcon.colcon_core.environment:checking '/home/hoolbo/final_essay/Code/atv_ws/src/planner/install/planner/bin'
[16.548s] INFO:colcon.colcon_core.shell:Creating package script '/home/hoolbo/final_essay/Code/atv_ws/src/planner/install/planner/share/planner/package.ps1'
[16.548s] INFO:colcon.colcon_core.shell:Creating package descriptor '/home/hoolbo/final_essay/Code/atv_ws/src/planner/install/planner/share/planner/package.dsv'
[16.548s] INFO:colcon.colcon_core.shell:Creating package script '/home/hoolbo/final_essay/Code/atv_ws/src/planner/install/planner/share/planner/package.sh'
[16.548s] INFO:colcon.colcon_core.shell:Creating package script '/home/hoolbo/final_essay/Code/atv_ws/src/planner/install/planner/share/planner/package.bash'
[16.548s] INFO:colcon.colcon_core.shell:Creating package script '/home/hoolbo/final_essay/Code/atv_ws/src/planner/install/planner/share/planner/package.zsh'
[16.548s] Level 1:colcon.colcon_core.environment:create_file_with_runtime_dependencies(/home/hoolbo/final_essay/Code/atv_ws/src/planner/install/planner/share/colcon-core/packages/planner)
[16.549s] DEBUG:colcon.colcon_parallel_executor.executor.parallel:closing loop
[16.549s] DEBUG:colcon.colcon_parallel_executor.executor.parallel:loop closed
[16.549s] DEBUG:colcon.colcon_parallel_executor.executor.parallel:run_until_complete finished with '0'
[16.549s] DEBUG:colcon.colcon_core.event_reactor:joining thread
[16.551s] INFO:colcon.colcon_core.plugin_system:Skipping extension 'colcon_notification.desktop_notification.terminal_notifier': Not used on non-Darwin systems
[16.551s] INFO:colcon.colcon_core.plugin_system:Skipping extension 'colcon_notification.desktop_notification.win32': Not used on non-Windows systems
[16.551s] INFO:colcon.colcon_notification.desktop_notification:Sending desktop notification using 'notify2'
[16.556s] DEBUG:colcon.colcon_core.event_reactor:joined thread
[16.556s] INFO:colcon.colcon_core.shell:Creating prefix script '/home/hoolbo/final_essay/Code/atv_ws/src/planner/install/local_setup.ps1'
[16.557s] INFO:colcon.colcon_core.shell:Creating prefix util module '/home/hoolbo/final_essay/Code/atv_ws/src/planner/install/_local_setup_util_ps1.py'
[16.557s] INFO:colcon.colcon_core.shell:Creating prefix chain script '/home/hoolbo/final_essay/Code/atv_ws/src/planner/install/setup.ps1'
[16.558s] INFO:colcon.colcon_core.shell:Creating prefix script '/home/hoolbo/final_essay/Code/atv_ws/src/planner/install/local_setup.sh'
[16.558s] INFO:colcon.colcon_core.shell:Creating prefix util module '/home/hoolbo/final_essay/Code/atv_ws/src/planner/install/_local_setup_util_sh.py'
[16.558s] INFO:colcon.colcon_core.shell:Creating prefix chain script '/home/hoolbo/final_essay/Code/atv_ws/src/planner/install/setup.sh'
[16.559s] INFO:colcon.colcon_core.shell:Creating prefix script '/home/hoolbo/final_essay/Code/atv_ws/src/planner/install/local_setup.bash'
[16.559s] INFO:colcon.colcon_core.shell:Creating prefix chain script '/home/hoolbo/final_essay/Code/atv_ws/src/planner/install/setup.bash'
[16.559s] INFO:colcon.colcon_core.shell:Creating prefix script '/home/hoolbo/final_essay/Code/atv_ws/src/planner/install/local_setup.zsh'
[16.559s] INFO:colcon.colcon_core.shell:Creating prefix chain script '/home/hoolbo/final_essay/Code/atv_ws/src/planner/install/setup.zsh'
